# testing with conf/test32.conf
httpd: Syntax error on line 3 of ./conf/test32.conf: argument name conflict in macro 'foo' (defined on line 3 of "./conf/test32.conf"): argument '$arg2': #2 and #4, change argument names!
# exit: 1
