# testing with conf/test21.conf
[core:error] macro foo dir /tmp on line 2 of macro 'foo' (defined on line 3 of "./conf/test21.conf") used on line 10 of "./conf/test21.conf"
AH00526: Syntax error on line 2 of macro 'foo' (defined on line 3 of "./conf/test21.conf") used on line 10 of "./conf/test21.conf":
Configuration processing stopped by Error directive
# exit: 1
