# testing with conf/test44.conf
[core:error] okay. on line 19 of ./conf/test44.conf
AH00526: Syntax error on line 19 of ./conf/test44.conf:
Configuration processing stopped by Error directive
# exit: 1
