# testing with conf/test52.conf
[core:warn] foo macro contents line 1 on line 1 of macro 'foo' (defined on line 2 of "./conf/test52.conf") used on line 5 of "./conf/test52.conf"
[core:error] done line 8. on line 8 of ./conf/test52.conf
AH00526: Syntax error on line 8 of ./conf/test52.conf:
Configuration processing stopped by Error directive
# exit: 1
